# F42_NAVFULL: fixed short labels (short label, original name in programs/ and build/.../src/).
# Read by the build: a new routine gets the next free number, numbers are never
# reused, so the labels stay the same from one version to the next.
N01 ALMF
N02 HALMV
N03 ALMR
N04 HORZ
N05 ALMS
N06 HALMH
N07 SDM
N08 SNS
N09 SEW
N10 SZN
N11 SHM
N12 SF1
N13 SINT
N14 SDAT
N15 SUNA
N16 SUNG
N17 SUNF
N18 SER
N19 SERT
N20 NUT
N21 STAR
N22 STR2
N23 SQK
N24 MOON
N25 MOO2
N26 MOOQ
N27 PLAN
N28 PLN2
N29 PLN3
N30 PLNQ
N31 CHZ
N32 HCZ
N33 HCZ0
N34 HCZQ
N35 HCZR
N36 HCZI
N37 DHA
N38 RISE
N39 SET
N40 NTWA
N41 NTWP
N42 CTWA
N43 CTWP
N44 TRAN
N45 PHAS
N46 PHA2
N47 SBRT
N48 SNMU
N49 PTXS
N50 PINS
N51 PF1S
N52 PHMS
N53 PDMS
N54 PDTS
N55 PZNS
N56 PHLS
N57 PTXT
N58 PTNS
N59 PT1
N60 HANIM
N61 ALLSKY
N62 WPLS
N63 CSUN
N64 CMOO
N65 CPLN
N66 CSTR
N67 CSQK
N68 CHCZ
N69 CPHA
N70 CNTA
N71 CRIS
N72 CTRN
N73 CSET
N74 CNTP
N75 CALC
N76 CEQQ
N77 CEQR
N78 F42
N79 PX
N80 KM
N81 KQ
N82 RF
N83 TK
N84 AD
N85 FBX
N86 CLT
N87 TPG
N88 W1
N89 W10
N90 TGET
